// Jest Snapshot v1, https://goo.gl/fbAQLP

exports[`should render correctly with no children 1`] = `undefined`;
