// Jest Snapshot v1, https://goo.gl/fbAQLP

exports[`should render correctly with no props 1`] = `
<styled.div>
  <styled.div
    className="topWave"
  >
    <styled.div
      className="topWave"
    />
  </styled.div>
  <styled.div
    className="midWave"
  >
    <styled.div
      className="midWave"
    />
  </styled.div>
  <styled.div
    className="botWave"
  >
    <styled.div
      className="botWave"
    />
  </styled.div>
</styled.div>
`;
